******************************************************************************
                  TI ARM Linker PC v20.2.7                     
******************************************************************************
>> Linked Sat Apr 22 15:09:14 2023

OUTPUT FILE NAME:   <lab2UARTCheckout.out>
ENTRY POINT SYMBOL: "_c_int00_noinit_noargs"  address: 000006fd


MEMORY CONFIGURATION

         name            origin    length      used     unused   attr    fill
----------------------  --------  ---------  --------  --------  ----  --------
  FLASH                 00000000   00040000  000008b8  0003f748  R  X
  SRAM                  20000000   00008000  00000200  00007e00  RW X


SEGMENT ALLOCATION MAP

run origin  load origin   length   init length attrs members
----------  ----------- ---------- ----------- ----- -------
00000000    00000000    000008b8   000008b8    r-x
  00000000    00000000    0000026c   0000026c    r-- .intvecs
  0000026c    0000026c    00000550   00000550    r-x .text
  000007bc    000007bc    000000fc   000000fc    r-- .const
20000000    20000000    00000200   00000000    rw-
  20000000    20000000    00000200   00000000    rw- .stack


SECTION ALLOCATION MAP

 output                                  attributes/
section   page    origin      length       input sections
--------  ----  ----------  ----------   ----------------
.intvecs   0    00000000    0000026c     
                  00000000    0000026c     tm4c123gh6pm_startup_ccs.obj (.intvecs)

.text      0    0000026c    00000550     
                  0000026c    0000016c     driverlib.lib : gpio.obj (.text:GPIOPadConfigSet)
                  000003d8    00000118                   : sysctl.obj (.text:SysCtlClockGet)
                  000004f0    00000118     main.obj (.text)
                  00000608    0000004c     driverlib.lib : gpio.obj (.text:GPIOPinConfigure)
                  00000654    00000046                   : uart.obj (.text:UARTConfigSetExpClk)
                  0000069a    00000002     --HOLE-- [fill = 0]
                  0000069c    00000034                   : sysctl.obj (.text:SysCtlPeripheralEnable)
                  000006d0    0000002c                   : gpio.obj (.text:GPIODirModeSet)
                  000006fc    0000002c     rtsv7M4_T_le_v4SPD16_eabi.lib : boot_cortex_m.c.obj (.text:_c_int00_noinit_noargs:_c_int00_noinit_noargs)
                  00000728    00000020     driverlib.lib : uart.obj (.text:UARTDisable)
                  00000748    00000016                   : gpio.obj (.text:GPIOPinTypeUART)
                  0000075e    00000014                   : uart.obj (.text:UARTEnable)
                  00000772    00000002     --HOLE-- [fill = 0]
                  00000774    00000010                   : fpu.obj (.text:FPUEnable)
                  00000784    00000010                   : fpu.obj (.text:FPULazyStackingEnable)
                  00000794    0000000c     tm4c123gh6pm_startup_ccs.obj (.text)
                  000007a0    0000000a     driverlib.lib : uart.obj (.text:UARTCharGet)
                  000007aa    0000000a                   : uart.obj (.text:UARTCharPut)
                  000007b4    00000004     rtsv7M4_T_le_v4SPD16_eabi.lib : pre_init.c.obj (.text:_system_pre_init)
                  000007b8    00000004                                   : exit.c.obj (.text:abort:abort)

.const     0    000007bc    000000fc     
                  000007bc    00000090     driverlib.lib : gpio.obj (.const:g_pui32GPIOBaseAddrs)
                  0000084c    0000006c                   : sysctl.obj (.const:g_pui32Xtals)

.cinit     0    00000000    00000000     UNINITIALIZED

.init_array 
*          0    00000000    00000000     UNINITIALIZED

.stack     0    20000000    00000200     UNINITIALIZED
                  20000000    00000004     rtsv7M4_T_le_v4SPD16_eabi.lib : boot_cortex_m.c.obj (.stack)
                  20000004    000001fc     --HOLE--

__llvm_prf_cnts 
*          0    20000000    00000000     UNINITIALIZED

MODULE SUMMARY

       Module                         code   ro data   rw data
       ------                         ----   -------   -------
    .\
       tm4c123gh6pm_startup_ccs.obj   12     620       0      
       main.obj                       280    0         0      
    +--+------------------------------+------+---------+---------+
       Total:                         292    620       0      
                                                              
    C:/ti/TivaWare_C_Series-2.2.0.295/driverlib/ccs/Debug/driverlib.lib
       gpio.obj                       506    144       0      
       sysctl.obj                     332    108       0      
       uart.obj                       142    0         0      
       fpu.obj                        32     0         0      
    +--+------------------------------+------+---------+---------+
       Total:                         1012   252       0      
                                                              
    C:\ti\ccs1210\ccs\tools\compiler\ti-cgt-arm_20.2.7.LTS\lib\rtsv7M4_T_le_v4SPD16_eabi.lib
       boot_cortex_m.c.obj            44     0         0      
       exit.c.obj                     4      0         0      
       pre_init.c.obj                 4      0         0      
    +--+------------------------------+------+---------+---------+
       Total:                         52     0         0      
                                                              
       Stack:                         0      0         512    
    +--+------------------------------+------+---------+---------+
       Grand Total:                   1356   872       512    


GLOBAL SYMBOLS: SORTED ALPHABETICALLY BY Name 

address   name                   
-------   ----                   
000007b9  C$$EXIT                
00000775  FPUEnable              
00000785  FPULazyStackingEnable  
000006d1  GPIODirModeSet         
0000026d  GPIOPadConfigSet       
00000609  GPIOPinConfigure       
00000749  GPIOPinTypeUART        
00000795  ResetISR               
000003d9  SysCtlClockGet         
0000069d  SysCtlPeripheralEnable 
000007a1  UARTCharGet            
000007ab  UARTCharPut            
00000655  UARTConfigSetExpClk    
00000729  UARTDisable            
0000075f  UARTEnable             
20000200  __STACK_END            
00000200  __STACK_SIZE           
20000200  __STACK_TOP            
ffffffff  __TI_pprof_out_hndl    
ffffffff  __TI_prof_data_size    
ffffffff  __TI_prof_data_start   
00000000  __TI_static_base__     
ffffffff  __binit__              
ffffffff  __c_args__             
UNDEFED   __mpu_init             
20000000  __stack                
20000000  __start___llvm_prf_cnts
20000000  __stop___llvm_prf_cnts 
000006fd  _c_int00_noinit_noargs 
000007b5  _system_pre_init       
000007b9  abort                  
ffffffff  binit                  
00000000  g_pfnVectors           
0000050f  main                   
000004f1  puts                   


GLOBAL SYMBOLS: SORTED BY Symbol Address 

address   name                   
-------   ----                   
00000000  __TI_static_base__     
00000000  g_pfnVectors           
00000200  __STACK_SIZE           
0000026d  GPIOPadConfigSet       
000003d9  SysCtlClockGet         
000004f1  puts                   
0000050f  main                   
00000609  GPIOPinConfigure       
00000655  UARTConfigSetExpClk    
0000069d  SysCtlPeripheralEnable 
000006d1  GPIODirModeSet         
000006fd  _c_int00_noinit_noargs 
00000729  UARTDisable            
00000749  GPIOPinTypeUART        
0000075f  UARTEnable             
00000775  FPUEnable              
00000785  FPULazyStackingEnable  
00000795  ResetISR               
000007a1  UARTCharGet            
000007ab  UARTCharPut            
000007b5  _system_pre_init       
000007b9  C$$EXIT                
000007b9  abort                  
20000000  __stack                
20000000  __start___llvm_prf_cnts
20000000  __stop___llvm_prf_cnts 
20000200  __STACK_END            
20000200  __STACK_TOP            
ffffffff  __TI_pprof_out_hndl    
ffffffff  __TI_prof_data_size    
ffffffff  __TI_prof_data_start   
ffffffff  __binit__              
ffffffff  __c_args__             
ffffffff  binit                  
UNDEFED   __mpu_init             

[35 symbols]
