******************************************************************************
                  TI ARM Linker PC v20.2.7                     
******************************************************************************
>> Linked Wed Apr 26 10:54:30 2023

OUTPUT FILE NAME:   <lab2A.out>
ENTRY POINT SYMBOL: "_c_int00_noargs"  address: 00002a89


MEMORY CONFIGURATION

         name            origin    length      used     unused   attr    fill
----------------------  --------  ---------  --------  --------  ----  --------
  FLASH                 00000000   00040000  00003018  0003cfe8  R  X
  SRAM                  20000000   00008000  000008e4  0000771c  RW X


SEGMENT ALLOCATION MAP

run origin  load origin   length   init length attrs members
----------  ----------- ---------- ----------- ----- -------
00000000    00000000    00003018   00003018    r-x
  00000000    00000000    0000026c   0000026c    r-- .intvecs
  0000026c    0000026c    00002b68   00002b68    r-x .text
  00002dd4    00002dd4    00000214   00000214    r-- .const
  00002fe8    00002fe8    00000030   00000030    r-- .cinit
20000000    20000000    000008e4   00000000    rw-
  20000000    20000000    00000800   00000000    rw- .stack
  20000800    20000800    000000d0   00000000    rw- .bss
  200008d0    200008d0    00000014   00000000    rw- .data


SECTION ALLOCATION MAP

 output                                  attributes/
section   page    origin      length       input sections
--------  ----  ----------  ----------   ----------------
.intvecs   0    00000000    0000026c     
                  00000000    0000026c     tm4c123gh6pm_startup_ccs.obj (.intvecs)

.text      0    0000026c    00002b68     
                  0000026c    00000a4e     rtsv7M4_T_le_v4SPD16_eabi.lib : _printfi.c.obj (.text:__TI_printfi)
                  00000cba    00000002                                   : div0.asm.obj (.text)
                  00000cbc    00000674     main.obj (.text)
                  00001330    00000270     rtsv7M4_T_le_v4SPD16_eabi.lib : _printfi.c.obj (.text:_pconv_a)
                  000015a0    000001d0                                   : _printfi.c.obj (.text:_pconv_g)
                  00001770    000001b6                                   : fd_add_t2.asm.obj (.text)
                  00001926    00000002     --HOLE-- [fill = 0]
                  00001928    0000016c     driverlib.lib : gpio.obj (.text:GPIOPadConfigSet)
                  00001a94    0000013c     rtsv7M4_T_le_v4SPD16_eabi.lib : _printfi.c.obj (.text:_pconv_e)
                  00001bd0    00000136                                   : fd_div_t2.asm.obj (.text)
                  00001d06    00000002     --HOLE-- [fill = 0]
                  00001d08    00000124                                   : _printfi.c.obj (.text:fcvt)
                  00001e2c    00000118     driverlib.lib : sysctl.obj (.text:SysCtlClockGet)
                  00001f44    00000110     rtsv7M4_T_le_v4SPD16_eabi.lib : s_scalbn.c.obj (.text:scalbn)
                  00002054    000000fc                                   : fd_mul_t2.asm.obj (.text)
                  00002150    000000b1                                   : _printfi.c.obj (.text:_ltostr)
                  00002201    00000001     --HOLE-- [fill = 0]
                  00002202    0000009c                                   : memcpy_t2.asm.obj (.text)
                  0000229e    00000096                                   : ull_div_t2.asm.obj (.text)
                  00002334    00000086                                   : fd_cmp_t2.asm.obj (.text:__aeabi_cdcmple)
                  000023ba    00000086                                   : fd_cmp_t2.asm.obj (.text:__aeabi_cdrcmple)
                  00002440    0000007a     driverlib.lib : adc.obj (.text:ADCSequenceStepConfigure)
                  000024ba    0000007a     rtsv7M4_T_le_v4SPD16_eabi.lib : memset_t2.asm.obj (.text)
                  00002534    0000006e                                   : _printfi.c.obj (.text:_mcpy)
                  000025a2    00000002     --HOLE-- [fill = 0]
                  000025a4    00000068     driverlib.lib : interrupt.obj (.text:IntEnable)
                  0000260c    00000068     rtsv7M4_T_le_v4SPD16_eabi.lib : copy_decompress_lzss.c.obj (.text:decompress:lzss:__TI_decompress_lzss)
                  00002674    00000064                                   : s_frexp.c.obj (.text:frexp)
                  000026d8    00000056                                   : _printfi.c.obj (.text:_pconv_f)
                  0000272e    00000054                                   : _ltoa.c.obj (.text:__TI_ltoa)
                  00002782    00000052                                   : _printfi.c.obj (.text:_ecpy)
                  000027d4    0000004e     driverlib.lib : adc.obj (.text:ADCSequenceConfigure)
                  00002822    00000002     --HOLE-- [fill = 0]
                  00002824    0000004c                   : gpio.obj (.text:GPIOPinConfigure)
                  00002870    0000004c     rtsv7M4_T_le_v4SPD16_eabi.lib : atoi.c.obj (.text:atoi)
                  000028bc    0000004c                                   : snprintf.c.obj (.text:snprintf)
                  00002908    00000048                                   : fd_toi_t2.asm.obj (.text)
                  00002950    00000046     driverlib.lib : uart.obj (.text:UARTConfigSetExpClk)
                  00002996    00000002     --HOLE-- [fill = 0]
                  00002998    00000044     rtsv7M4_T_le_v4SPD16_eabi.lib : autoinit.c.obj (.text:__TI_auto_init_nobinit_nopinit:__TI_auto_init_nobinit_nopinit)
                  000029dc    0000003e                                   : _printfi.c.obj (.text:_fcpy)
                  00002a1a    00000002     --HOLE-- [fill = 0]
                  00002a1c    00000038     driverlib.lib : sysctl.obj (.text:SysCtlPeripheralReady)
                  00002a54    00000034                   : sysctl.obj (.text:SysCtlPeripheralEnable)
                  00002a88    00000034     rtsv7M4_T_le_v4SPD16_eabi.lib : boot_cortex_m.c.obj (.text:_c_int00_noargs:_c_int00_noargs)
                  00002abc    00000030                                   : snprintf.c.obj (.text:_outs)
                  00002aec    0000002e                                   : i_tofd_t2.asm.obj (.text)
                  00002b1a    0000002c     driverlib.lib : gpio.obj (.text:GPIODirModeSet)
                  00002b46    00000002     --HOLE-- [fill = 0]
                  00002b48    00000020                   : uart.obj (.text:UARTDisable)
                  00002b68    00000020     rtsv7M4_T_le_v4SPD16_eabi.lib : u_tofd_t2.asm.obj (.text)
                  00002b88    0000001e     driverlib.lib : adc.obj (.text:ADCSequenceDataGet)
                  00002ba6    0000001c     rtsv7M4_T_le_v4SPD16_eabi.lib : copy_zero_init.c.obj (.text:decompress:ZI:__TI_zero_init_nomemset:__TI_zero_init_nomemset)
                  00002bc2    0000001c                                   : memccpy.c.obj (.text:memccpy)
                  00002bde    0000001a                                   : s_copysign.c.obj (.text:copysign)
                  00002bf8    00000018     driverlib.lib : adc.obj (.text:ADCProcessorTrigger)
                  00002c10    00000018     rtsv7M4_T_le_v4SPD16_eabi.lib : snprintf.c.obj (.text:_outc)
                  00002c28    00000016     driverlib.lib : gpio.obj (.text:GPIOPinTypeUART)
                  00002c3e    00000016     rtsv7M4_T_le_v4SPD16_eabi.lib : strchr.c.obj (.text:strchr)
                  00002c54    00000014     driverlib.lib : adc.obj (.text:ADCIntStatusEx)
                  00002c68    00000014                   : systick.obj (.text:SysTickEnable)
                  00002c7c    00000014                   : systick.obj (.text:SysTickIntEnable)
                  00002c90    00000014                   : uart.obj (.text:UARTEnable)
                  00002ca4    00000014     rtsv7M4_T_le_v4SPD16_eabi.lib : strlen.c.obj (.text:strlen)
                  00002cb8    00000012                                   : wcslen.c.obj (.text:wcslen)
                  00002cca    00000010     driverlib.lib : adc.obj (.text:ADCIntEnable)
                  00002cda    00000002     --HOLE-- [fill = 0]
                  00002cdc    00000010                   : fpu.obj (.text:FPUEnable)
                  00002cec    00000010                   : fpu.obj (.text:FPULazyStackingEnable)
                  00002cfc    00000010                   : interrupt.obj (.text:IntMasterDisable)
                  00002d0c    00000010                   : interrupt.obj (.text:IntMasterEnable)
                  00002d1c    00000010                   : systick.obj (.text:SysTickPeriodSet)
                  00002d2c    0000000e                   : adc.obj (.text:ADCHardwareOversampleConfigure)
                  00002d3a    0000000e                   : adc.obj (.text:ADCSequenceDisable)
                  00002d48    0000000e                   : adc.obj (.text:ADCSequenceEnable)
                  00002d56    0000000e                   : uart.obj (.text:UARTCharsAvail)
                  00002d64    0000000e     rtsv7M4_T_le_v4SPD16_eabi.lib : copy_decompress_none.c.obj (.text:decompress:none:__TI_decompress_none)
                  00002d72    0000000c     driverlib.lib : cpu.obj (.text:CPUcpsid)
                  00002d7e    0000000c                   : cpu.obj (.text:CPUcpsie)
                  00002d8a    0000000c     tm4c123gh6pm_startup_ccs.obj (.text)
                  00002d96    0000000a     driverlib.lib : uart.obj (.text:UARTCharGet)
                  00002da0    0000000a                   : uart.obj (.text:UARTCharPut)
                  00002daa    0000000a                   : uart.obj (.text:UARTIntStatus)
                  00002db4    00000008                   : uart.obj (.text:UARTIntEnable)
                  00002dbc    00000008     rtsv7M4_T_le_v4SPD16_eabi.lib : errno.c.obj (.text:__aeabi_errno_addr)
                  00002dc4    00000004     driverlib.lib : adc.obj (.text:ADCIntClearEx)
                  00002dc8    00000004                   : uart.obj (.text:UARTIntClear)
                  00002dcc    00000004     rtsv7M4_T_le_v4SPD16_eabi.lib : pre_init.c.obj (.text:_system_pre_init)
                  00002dd0    00000004                                   : exit.c.obj (.text:abort:abort)

.const     0    00002dd4    00000214     
                  00002dd4    00000101     rtsv7M4_T_le_v4SPD16_eabi.lib : ctype.c.obj (.const:.string:_ctypes_)
                  00002ed5    00000003     --HOLE-- [fill = 0]
                  00002ed8    00000090     driverlib.lib : gpio.obj (.const:g_pui32GPIOBaseAddrs)
                  00002f68    0000006c                   : sysctl.obj (.const:g_pui32Xtals)
                  00002fd4    00000014                   : interrupt.obj (.const:g_pui32EnRegs)

.cinit     0    00002fe8    00000030     
                  00002fe8    0000000c     (__TI_handler_table)
                  00002ff4    00000004     --HOLE-- [fill = 0]
                  00002ff8    00000008     (.cinit..bss.load) [load image, compression = zero_init]
                  00003000    00000008     (.cinit..data.load) [load image, compression = lzss]
                  00003008    00000010     (__TI_cinit_table)

.init_array 
*          0    00000000    00000000     UNINITIALIZED

.bss       0    20000800    000000d0     UNINITIALIZED
                  20000800    00000090     (.common:circConsBuf)
                  20000890    00000014     (.common:edgeBuf)
                  200008a4    00000004     (.common:circBufLen)
                  200008a8    00000004     (.common:circRIndex)
                  200008ac    00000004     (.common:circWIndex)
                  200008b0    00000004     (.common:eightIndex)
                  200008b4    00000004     (.common:go)
                  200008b8    00000004     (.common:histAverage)
                  200008bc    00000004     (.common:lastAverage)
                  200008c0    00000004     (.common:nEightElem)
                  200008c4    00000004     (.common:rawTemp)
                  200008c8    00000004     (.common:tempBuffer)
                  200008cc    00000004     (.common:tick)

.data      0    200008d0    00000014     UNINITIALIZED
                  200008d0    00000010     main.obj (.data:eightArray)
                  200008e0    00000004     rtsv7M4_T_le_v4SPD16_eabi.lib : errno.c.obj (.data)

.stack     0    20000000    00000800     UNINITIALIZED
                  20000000    00000004     rtsv7M4_T_le_v4SPD16_eabi.lib : boot_cortex_m.c.obj (.stack)
                  20000004    000007fc     --HOLE--

__llvm_prf_cnts 
*          0    20000000    00000000     UNINITIALIZED

MODULE SUMMARY

       Module                         code    ro data   rw data
       ------                         ----    -------   -------
    .\
       main.obj                       1652    0         224    
       tm4c123gh6pm_startup_ccs.obj   12      620       0      
    +--+------------------------------+-------+---------+---------+
       Total:                         1664    620       224    
                                                               
    C:/ti/TivaWare_C_Series-2.2.0.295/driverlib/ccs/Debug/driverlib.lib
       gpio.obj                       506     144       0      
       sysctl.obj                     388     108       0      
       adc.obj                        336     0         0      
       uart.obj                       178     0         0      
       interrupt.obj                  136     20        0      
       systick.obj                    56      0         0      
       fpu.obj                        32      0         0      
       cpu.obj                        24      0         0      
    +--+------------------------------+-------+---------+---------+
       Total:                         1656    272       0      
                                                               
    C:\ti\ccs1210\ccs\tools\compiler\ti-cgt-arm_20.2.7.LTS\lib\rtsv7M4_T_le_v4SPD16_eabi.lib
       _printfi.c.obj                 4851    0         0      
       fd_add_t2.asm.obj              438     0         0      
       fd_div_t2.asm.obj              310     0         0      
       s_scalbn.c.obj                 272     0         0      
       fd_cmp_t2.asm.obj              268     0         0      
       ctype.c.obj                    0       257       0      
       fd_mul_t2.asm.obj              252     0         0      
       memcpy_t2.asm.obj              156     0         0      
       ull_div_t2.asm.obj             150     0         0      
       snprintf.c.obj                 148     0         0      
       memset_t2.asm.obj              122     0         0      
       copy_decompress_lzss.c.obj     104     0         0      
       s_frexp.c.obj                  100     0         0      
       _ltoa.c.obj                    84      0         0      
       atoi.c.obj                     76      0         0      
       fd_toi_t2.asm.obj              72      0         0      
       autoinit.c.obj                 68      0         0      
       boot_cortex_m.c.obj            52      0         0      
       i_tofd_t2.asm.obj              46      0         0      
       u_tofd_t2.asm.obj              32      0         0      
       copy_zero_init.c.obj           28      0         0      
       memccpy.c.obj                  28      0         0      
       s_copysign.c.obj               26      0         0      
       strchr.c.obj                   22      0         0      
       strlen.c.obj                   20      0         0      
       wcslen.c.obj                   18      0         0      
       copy_decompress_none.c.obj     14      0         0      
       errno.c.obj                    8       0         4      
       exit.c.obj                     4       0         0      
       pre_init.c.obj                 4       0         0      
       div0.asm.obj                   2       0         0      
    +--+------------------------------+-------+---------+---------+
       Total:                         7775    257       4      
                                                               
       Stack:                         0       0         2048   
       Linker Generated:              0       44        0      
    +--+------------------------------+-------+---------+---------+
       Grand Total:                   11095   1193      2276   


LINKER GENERATED COPY TABLES

__TI_cinit_table @ 00003008 records: 2, size/record: 8, table size: 16
	.bss: load addr=00002ff8, load size=00000008 bytes, run addr=20000800, run size=000000d0 bytes, compression=zero_init
	.data: load addr=00003000, load size=00000008 bytes, run addr=200008d0, run size=00000014 bytes, compression=lzss


LINKER GENERATED HANDLER TABLE

__TI_handler_table @ 00002fe8 records: 3, size/record: 4, table size: 12
	index: 0, handler: __TI_decompress_lzss
	index: 1, handler: __TI_decompress_none
	index: 2, handler: __TI_zero_init


GLOBAL SYMBOLS: SORTED ALPHABETICALLY BY Name 

address   name                          
-------   ----                          
00000ecf  ADC0Init                      
00002d2d  ADCHardwareOversampleConfigure
00002dc5  ADCIntClearEx                 
00002ccb  ADCIntEnable                  
00002c55  ADCIntStatusEx                
00002bf9  ADCProcessorTrigger           
000027d5  ADCSequenceConfigure          
00002b89  ADCSequenceDataGet            
00002d3b  ADCSequenceDisable            
00002d49  ADCSequenceEnable             
00002441  ADCSequenceStepConfigure      
00002dd1  C$$EXIT                       
00002d73  CPUcpsid                      
00002d7f  CPUcpsie                      
00002cdd  FPUEnable                     
00000de3  FPUInit                       
00002ced  FPULazyStackingEnable         
00000def  GPIOAInit                     
00002b1b  GPIODirModeSet                
00000e1b  GPIOEInit                     
00001929  GPIOPadConfigSet              
00002825  GPIOPinConfigure              
00002c29  GPIOPinTypeUART               
000025a5  IntEnable                     
00002cfd  IntMasterDisable              
00002d0d  IntMasterEnable               
00002d8b  ResetISR                      
00001e2d  SysCtlClockGet                
00002a55  SysCtlPeripheralEnable        
00002a1d  SysCtlPeripheralReady         
00002c69  SysTickEnable                 
00002c7d  SysTickIntEnable              
00002d1d  SysTickPeriodSet              
00000e4f  UART0Init                     
00000e75  UART5Init                     
00000e9b  UART7Init                     
00002d97  UARTCharGet                   
00002da1  UARTCharPut                   
00002d57  UARTCharsAvail                
00002951  UARTConfigSetExpClk           
00002b49  UARTDisable                   
00002c91  UARTEnable                    
00002dc9  UARTIntClear                  
00002db5  UARTIntEnable                 
00002dab  UARTIntStatus                 
20000800  __STACK_END                   
00000800  __STACK_SIZE                  
20000200  __STACK_TOP                   
00003008  __TI_CINIT_Base               
00003018  __TI_CINIT_Limit              
00002fe8  __TI_Handler_Table_Base       
00002ff4  __TI_Handler_Table_Limit      
00002999  __TI_auto_init_nobinit_nopinit
0000260d  __TI_decompress_lzss          
00002d65  __TI_decompress_none          
0000272f  __TI_ltoa                     
ffffffff  __TI_pprof_out_hndl           
0000026d  __TI_printfi                  
ffffffff  __TI_prof_data_size           
ffffffff  __TI_prof_data_start          
00000000  __TI_static_base__            
00002ba7  __TI_zero_init_nomemset       
00002335  __aeabi_cdcmpeq               
00002335  __aeabi_cdcmple               
000023bb  __aeabi_cdrcmple              
00002909  __aeabi_d2iz                  
0000177b  __aeabi_dadd                  
00001bd1  __aeabi_ddiv                  
00002055  __aeabi_dmul                  
00001771  __aeabi_dsub                  
00002dbd  __aeabi_errno_addr            
00002aed  __aeabi_i2d                   
00000cbb  __aeabi_idiv0                 
00000cbb  __aeabi_ldiv0                 
000024bb  __aeabi_memclr                
000024bb  __aeabi_memclr4               
000024bb  __aeabi_memclr8               
00002203  __aeabi_memcpy                
00002203  __aeabi_memcpy4               
00002203  __aeabi_memcpy8               
000024bd  __aeabi_memset                
000024bd  __aeabi_memset4               
000024bd  __aeabi_memset8               
00002b69  __aeabi_ui2d                  
0000229f  __aeabi_uldivmod              
ffffffff  __binit__                     
ffffffff  __c_args__                    
UNDEFED   __mpu_init                    
20000000  __stack                       
20000000  __start___llvm_prf_cnts       
20000000  __stop___llvm_prf_cnts        
00002a89  _c_int00_noargs               
00002dd4  _ctypes_                      
UNDEFED   _system_post_cinit            
00002dcd  _system_pre_init              
00002dd1  abort                         
00001219  adc0_handler                  
00002871  atoi                          
ffffffff  binit                         
00001119  calculateAverages             
200008a4  circBufLen                    
20000800  circConsBuf                   
200008a8  circRIndex                    
200008ac  circWIndex                    
00002bdf  copysign                      
00002bdf  copysignl                     
20000890  edgeBuf                       
200008d0  eightArray                    
200008b0  eightIndex                    
200008e0  errno                         
00002675  frexp                         
00002675  frexpl                        
00000000  g_pfnVectors                  
200008b4  go                            
200008b8  histAverage                   
200008bc  lastAverage                   
00001f45  ldexp                         
00001f45  ldexpl                        
00000cbd  main                          
00002bc3  memccpy                       
00002203  memcpy                        
000024c3  memset                        
200008c0  nEightElem                    
00001015  parseXML                      
200008c4  rawTemp                       
00001f45  scalbn                        
00001f45  scalbnl                       
000028bd  snprintf                      
00002c3f  strchr                        
00002ca5  strlen                        
00000f27  sysTickInit                   
00001297  systick_handler               
200008c8  tempBuffer                    
200008cc  tick                          
000011ad  uart7_handler                 
00002cb9  wcslen                        


GLOBAL SYMBOLS: SORTED BY Symbol Address 

address   name                          
-------   ----                          
00000000  __TI_static_base__            
00000000  g_pfnVectors                  
0000026d  __TI_printfi                  
00000800  __STACK_SIZE                  
00000cbb  __aeabi_idiv0                 
00000cbb  __aeabi_ldiv0                 
00000cbd  main                          
00000de3  FPUInit                       
00000def  GPIOAInit                     
00000e1b  GPIOEInit                     
00000e4f  UART0Init                     
00000e75  UART5Init                     
00000e9b  UART7Init                     
00000ecf  ADC0Init                      
00000f27  sysTickInit                   
00001015  parseXML                      
00001119  calculateAverages             
000011ad  uart7_handler                 
00001219  adc0_handler                  
00001297  systick_handler               
00001771  __aeabi_dsub                  
0000177b  __aeabi_dadd                  
00001929  GPIOPadConfigSet              
00001bd1  __aeabi_ddiv                  
00001e2d  SysCtlClockGet                
00001f45  ldexp                         
00001f45  ldexpl                        
00001f45  scalbn                        
00001f45  scalbnl                       
00002055  __aeabi_dmul                  
00002203  __aeabi_memcpy                
00002203  __aeabi_memcpy4               
00002203  __aeabi_memcpy8               
00002203  memcpy                        
0000229f  __aeabi_uldivmod              
00002335  __aeabi_cdcmpeq               
00002335  __aeabi_cdcmple               
000023bb  __aeabi_cdrcmple              
00002441  ADCSequenceStepConfigure      
000024bb  __aeabi_memclr                
000024bb  __aeabi_memclr4               
000024bb  __aeabi_memclr8               
000024bd  __aeabi_memset                
000024bd  __aeabi_memset4               
000024bd  __aeabi_memset8               
000024c3  memset                        
000025a5  IntEnable                     
0000260d  __TI_decompress_lzss          
00002675  frexp                         
00002675  frexpl                        
0000272f  __TI_ltoa                     
000027d5  ADCSequenceConfigure          
00002825  GPIOPinConfigure              
00002871  atoi                          
000028bd  snprintf                      
00002909  __aeabi_d2iz                  
00002951  UARTConfigSetExpClk           
00002999  __TI_auto_init_nobinit_nopinit
00002a1d  SysCtlPeripheralReady         
00002a55  SysCtlPeripheralEnable        
00002a89  _c_int00_noargs               
00002aed  __aeabi_i2d                   
00002b1b  GPIODirModeSet                
00002b49  UARTDisable                   
00002b69  __aeabi_ui2d                  
00002b89  ADCSequenceDataGet            
00002ba7  __TI_zero_init_nomemset       
00002bc3  memccpy                       
00002bdf  copysign                      
00002bdf  copysignl                     
00002bf9  ADCProcessorTrigger           
00002c29  GPIOPinTypeUART               
00002c3f  strchr                        
00002c55  ADCIntStatusEx                
00002c69  SysTickEnable                 
00002c7d  SysTickIntEnable              
00002c91  UARTEnable                    
00002ca5  strlen                        
00002cb9  wcslen                        
00002ccb  ADCIntEnable                  
00002cdd  FPUEnable                     
00002ced  FPULazyStackingEnable         
00002cfd  IntMasterDisable              
00002d0d  IntMasterEnable               
00002d1d  SysTickPeriodSet              
00002d2d  ADCHardwareOversampleConfigure
00002d3b  ADCSequenceDisable            
00002d49  ADCSequenceEnable             
00002d57  UARTCharsAvail                
00002d65  __TI_decompress_none          
00002d73  CPUcpsid                      
00002d7f  CPUcpsie                      
00002d8b  ResetISR                      
00002d97  UARTCharGet                   
00002da1  UARTCharPut                   
00002dab  UARTIntStatus                 
00002db5  UARTIntEnable                 
00002dbd  __aeabi_errno_addr            
00002dc5  ADCIntClearEx                 
00002dc9  UARTIntClear                  
00002dcd  _system_pre_init              
00002dd1  C$$EXIT                       
00002dd1  abort                         
00002dd4  _ctypes_                      
00002fe8  __TI_Handler_Table_Base       
00002ff4  __TI_Handler_Table_Limit      
00003008  __TI_CINIT_Base               
00003018  __TI_CINIT_Limit              
20000000  __stack                       
20000000  __start___llvm_prf_cnts       
20000000  __stop___llvm_prf_cnts        
20000200  __STACK_TOP                   
20000800  __STACK_END                   
20000800  circConsBuf                   
20000890  edgeBuf                       
200008a4  circBufLen                    
200008a8  circRIndex                    
200008ac  circWIndex                    
200008b0  eightIndex                    
200008b4  go                            
200008b8  histAverage                   
200008bc  lastAverage                   
200008c0  nEightElem                    
200008c4  rawTemp                       
200008c8  tempBuffer                    
200008cc  tick                          
200008d0  eightArray                    
200008e0  errno                         
ffffffff  __TI_pprof_out_hndl           
ffffffff  __TI_prof_data_size           
ffffffff  __TI_prof_data_start          
ffffffff  __binit__                     
ffffffff  __c_args__                    
ffffffff  binit                         
UNDEFED   __mpu_init                    
UNDEFED   _system_post_cinit            

[136 symbols]
