******************************************************************************
                  TI ARM Linker PC v20.2.7                     
******************************************************************************
>> Linked Wed Apr 19 11:54:49 2023

OUTPUT FILE NAME:   <UART5_Intr_Demo.out>
ENTRY POINT SYMBOL: "_c_int00_noinit_noargs"  address: 0000066d


MEMORY CONFIGURATION

         name            origin    length      used     unused   attr    fill
----------------------  --------  ---------  --------  --------  ----  --------
  FLASH                 00000000   00040000  0000081e  0003f7e2  R  X
  SRAM                  20000000   00008000  00000200  00007e00  RW X


SEGMENT ALLOCATION MAP

run origin  load origin   length   init length attrs members
----------  ----------- ---------- ----------- ----- -------
00000000    00000000    00000820   00000820    r-x
  00000000    00000000    0000026c   0000026c    r-- .intvecs
  0000026c    0000026c    000004b6   000004b6    r-x .text
  00000724    00000724    000000fc   000000fc    r-- .const
20000000    20000000    00000200   00000000    rw-
  20000000    20000000    00000200   00000000    rw- .stack


SECTION ALLOCATION MAP

 output                                  attributes/
section   page    origin      length       input sections
--------  ----  ----------  ----------   ----------------
.intvecs   0    00000000    0000026c     
                  00000000    0000026c     tm4c123gh6pm_startup_ccs.obj (.intvecs)

.text      0    0000026c    000004b6     
                  0000026c    0000016c     driverlib.lib : gpio.obj (.text:GPIOPadConfigSet)
                  000003d8    00000118                   : sysctl.obj (.text:SysCtlClockGet)
                  000004f0    00000088     main.obj (.text)
                  00000578    0000004c     driverlib.lib : gpio.obj (.text:GPIOPinConfigure)
                  000005c4    00000046                   : uart.obj (.text:UARTConfigSetExpClk)
                  0000060a    00000002     --HOLE-- [fill = 0]
                  0000060c    00000034                   : sysctl.obj (.text:SysCtlPeripheralEnable)
                  00000640    0000002c                   : gpio.obj (.text:GPIODirModeSet)
                  0000066c    0000002c     rtsv7M4_T_le_v4SPD16_eabi.lib : boot_cortex_m.c.obj (.text:_c_int00_noinit_noargs:_c_int00_noinit_noargs)
                  00000698    00000020     driverlib.lib : uart.obj (.text:UARTDisable)
                  000006b8    00000016                   : gpio.obj (.text:GPIOPinTypeUART)
                  000006ce    00000014                   : uart.obj (.text:UARTEnable)
                  000006e2    00000002     --HOLE-- [fill = 0]
                  000006e4    00000010                   : fpu.obj (.text:FPUEnable)
                  000006f4    00000010                   : fpu.obj (.text:FPULazyStackingEnable)
                  00000704    0000000c     tm4c123gh6pm_startup_ccs.obj (.text)
                  00000710    0000000a     driverlib.lib : uart.obj (.text:UARTCharPut)
                  0000071a    00000004     rtsv7M4_T_le_v4SPD16_eabi.lib : pre_init.c.obj (.text:_system_pre_init)
                  0000071e    00000004                                   : exit.c.obj (.text:abort:abort)

.const     0    00000724    000000fc     
                  00000724    00000090     driverlib.lib : gpio.obj (.const:g_pui32GPIOBaseAddrs)
                  000007b4    0000006c                   : sysctl.obj (.const:g_pui32Xtals)

.cinit     0    00000000    00000000     UNINITIALIZED

.init_array 
*          0    00000000    00000000     UNINITIALIZED

.stack     0    20000000    00000200     UNINITIALIZED
                  20000000    00000004     rtsv7M4_T_le_v4SPD16_eabi.lib : boot_cortex_m.c.obj (.stack)
                  20000004    000001fc     --HOLE--

__llvm_prf_cnts 
*          0    20000000    00000000     UNINITIALIZED

MODULE SUMMARY

       Module                         code   ro data   rw data
       ------                         ----   -------   -------
    .\
       tm4c123gh6pm_startup_ccs.obj   12     620       0      
       main.obj                       136    0         0      
    +--+------------------------------+------+---------+---------+
       Total:                         148    620       0      
                                                              
    C:/ti/TivaWare_C_Series-2.2.0.295/driverlib/ccs/Debug/driverlib.lib
       gpio.obj                       506    144       0      
       sysctl.obj                     332    108       0      
       uart.obj                       132    0         0      
       fpu.obj                        32     0         0      
    +--+------------------------------+------+---------+---------+
       Total:                         1002   252       0      
                                                              
    C:\ti\ccs1210\ccs\tools\compiler\ti-cgt-arm_20.2.7.LTS\lib\rtsv7M4_T_le_v4SPD16_eabi.lib
       boot_cortex_m.c.obj            44     0         0      
       exit.c.obj                     4      0         0      
       pre_init.c.obj                 4      0         0      
    +--+------------------------------+------+---------+---------+
       Total:                         52     0         0      
                                                              
       Stack:                         0      0         512    
    +--+------------------------------+------+---------+---------+
       Grand Total:                   1202   872       512    


GLOBAL SYMBOLS: SORTED ALPHABETICALLY BY Name 

address   name                   
-------   ----                   
0000071f  C$$EXIT                
000006e5  FPUEnable              
000006f5  FPULazyStackingEnable  
00000641  GPIODirModeSet         
0000026d  GPIOPadConfigSet       
00000579  GPIOPinConfigure       
000006b9  GPIOPinTypeUART        
00000705  ResetISR               
000003d9  SysCtlClockGet         
0000060d  SysCtlPeripheralEnable 
00000711  UARTCharPut            
000005c5  UARTConfigSetExpClk    
00000699  UARTDisable            
000006cf  UARTEnable             
20000200  __STACK_END            
00000200  __STACK_SIZE           
20000200  __STACK_TOP            
ffffffff  __TI_pprof_out_hndl    
ffffffff  __TI_prof_data_size    
ffffffff  __TI_prof_data_start   
00000000  __TI_static_base__     
ffffffff  __binit__              
ffffffff  __c_args__             
UNDEFED   __mpu_init             
20000000  __stack                
20000000  __start___llvm_prf_cnts
20000000  __stop___llvm_prf_cnts 
0000066d  _c_int00_noinit_noargs 
0000071b  _system_pre_init       
0000071f  abort                  
ffffffff  binit                  
00000000  g_pfnVectors           
0000050f  main                   
000004f1  puts                   


GLOBAL SYMBOLS: SORTED BY Symbol Address 

address   name                   
-------   ----                   
00000000  __TI_static_base__     
00000000  g_pfnVectors           
00000200  __STACK_SIZE           
0000026d  GPIOPadConfigSet       
000003d9  SysCtlClockGet         
000004f1  puts                   
0000050f  main                   
00000579  GPIOPinConfigure       
000005c5  UARTConfigSetExpClk    
0000060d  SysCtlPeripheralEnable 
00000641  GPIODirModeSet         
0000066d  _c_int00_noinit_noargs 
00000699  UARTDisable            
000006b9  GPIOPinTypeUART        
000006cf  UARTEnable             
000006e5  FPUEnable              
000006f5  FPULazyStackingEnable  
00000705  ResetISR               
00000711  UARTCharPut            
0000071b  _system_pre_init       
0000071f  C$$EXIT                
0000071f  abort                  
20000000  __stack                
20000000  __start___llvm_prf_cnts
20000000  __stop___llvm_prf_cnts 
20000200  __STACK_END            
20000200  __STACK_TOP            
ffffffff  __TI_pprof_out_hndl    
ffffffff  __TI_prof_data_size    
ffffffff  __TI_prof_data_start   
ffffffff  __binit__              
ffffffff  __c_args__             
ffffffff  binit                  
UNDEFED   __mpu_init             

[34 symbols]
