******************************************************************************
                  TI ARM Linker PC v20.2.7                     
******************************************************************************
>> Linked Sun Apr  9 11:21:00 2023

OUTPUT FILE NAME:   <lab1.out>
ENTRY POINT SYMBOL: "_c_int00_noargs"  address: 00000861


MEMORY CONFIGURATION

         name            origin    length      used     unused   attr    fill
----------------------  --------  ---------  --------  --------  ----  --------
  FLASH                 00000000   00040000  00000980  0003f680  R  X
  SRAM                  20000000   00008000  0000046e  00007b92  RW X


SEGMENT ALLOCATION MAP

run origin  load origin   length   init length attrs members
----------  ----------- ---------- ----------- ----- -------
00000000    00000000    00000980   00000980    r-x
  00000000    00000000    0000026c   0000026c    r-- .intvecs
  0000026c    0000026c    000006e4   000006e4    r-x .text
  00000950    00000950    00000030   00000030    r-- .cinit
20000000    20000000    00000470   00000000    rw-
  20000000    20000000    0000026c   00000000    rw- .vtable
  2000026c    2000026c    00000002   00000000    rw- .data
  20000270    20000270    00000200   00000000    rw- .stack


SECTION ALLOCATION MAP

 output                                  attributes/
section   page    origin      length       input sections
--------  ----  ----------  ----------   ----------------
.intvecs   0    00000000    0000026c     
                  00000000    0000026c     startup_ccs.obj (.intvecs)

.text      0    0000026c    000006e4     
                  0000026c    00000132     driverlib.lib : gpio.obj (.text:GPIOPadConfigSet)
                  0000039e    00000002     startup_ccs.obj (.text:FaultISR)
                  000003a0    000000f4     driverlib.lib : sysctl.obj (.text:SysCtlClockSet)
                  00000494    000000b8     lab1.obj (.text:main)
                  0000054c    0000009c     rtsv7M4_T_le_v4SPD16_eabi.lib : memcpy_t2.asm.obj (.text)
                  000005e8    00000082     lab1.obj (.text:nextState)
                  0000066a    00000068     rtsv7M4_T_le_v4SPD16_eabi.lib : copy_decompress_lzss.c.obj (.text:decompress:lzss:__TI_decompress_lzss)
                  000006d2    00000002     startup_ccs.obj (.text:IntDefaultHandler)
                  000006d4    00000060     lab1.obj (.text:SysTick_Handler)
                  00000734    00000048     lab1.obj (.text:stateToLED)
                  0000077c    00000044     rtsv7M4_T_le_v4SPD16_eabi.lib : autoinit.c.obj (.text:__TI_auto_init_nobinit_nopinit:__TI_auto_init_nobinit_nopinit)
                  000007c0    00000038     driverlib.lib : sysctl.obj (.text:SysCtlPeripheralReady)
                  000007f8    00000034                   : interrupt.obj (.text:IntRegister)
                  0000082c    00000034                   : sysctl.obj (.text:SysCtlPeripheralEnable)
                  00000860    00000034     rtsv7M4_T_le_v4SPD16_eabi.lib : boot_cortex_m.c.obj (.text:_c_int00_noargs:_c_int00_noargs)
                  00000894    0000002a     driverlib.lib : gpio.obj (.text:GPIODirModeSet)
                  000008be    00000002     startup_ccs.obj (.text:NmiSR)
                  000008c0    0000001c     driverlib.lib : systick.obj (.text:SysTickIntRegister)
                  000008dc    0000001c     rtsv7M4_T_le_v4SPD16_eabi.lib : copy_zero_init.c.obj (.text:decompress:ZI:__TI_zero_init_nomemset:__TI_zero_init_nomemset)
                  000008f8    00000018     driverlib.lib : gpio.obj (.text:GPIOPinTypeGPIOOutput)
                  00000910    00000012                   : gpio.obj (.text:GPIOPinTypeGPIOInput)
                  00000922    0000000e     rtsv7M4_T_le_v4SPD16_eabi.lib : copy_decompress_none.c.obj (.text:decompress:none:__TI_decompress_none)
                  00000930    00000006     driverlib.lib : gpio.obj (.text:GPIOPinRead)
                  00000936    00000006                   : gpio.obj (.text:GPIOPinWrite)
                  0000093c    00000006     startup_ccs.obj (.text:ResetISR)
                  00000942    00000006     driverlib.lib : sysctl.obj (.text:SysCtlDelay)
                  00000948    00000004     rtsv7M4_T_le_v4SPD16_eabi.lib : pre_init.c.obj (.text:_system_pre_init)
                  0000094c    00000004                                   : exit.c.obj (.text:abort:abort)

.cinit     0    00000950    00000030     
                  00000950    0000000c     (__TI_handler_table)
                  0000095c    00000004     --HOLE-- [fill = 0]
                  00000960    00000008     (.cinit..vtable.load) [load image, compression = zero_init]
                  00000968    00000006     (.cinit..data.load) [load image, compression = lzss]
                  0000096e    00000002     --HOLE-- [fill = 0]
                  00000970    00000010     (__TI_cinit_table)

.init_array 
*          0    00000000    00000000     UNINITIALIZED

.vtable    0    20000000    0000026c     UNINITIALIZED
                  20000000    0000026c     driverlib.lib : interrupt.obj (.vtable)

.data      0    2000026c    00000002     UNINITIALIZED
                  2000026c    00000002     lab1.obj (.data)

.stack     0    20000270    00000200     UNINITIALIZED
                  20000270    00000004     rtsv7M4_T_le_v4SPD16_eabi.lib : boot_cortex_m.c.obj (.stack)
                  20000274    000001fc     --HOLE--

__llvm_prf_cnts 
*          0    20000000    00000000     UNINITIALIZED

MODULE SUMMARY

       Module                       code   ro data   rw data
       ------                       ----   -------   -------
    .\
       startup_ccs.obj              12     620       0      
       lab1.obj                     482    0         2      
    +--+----------------------------+------+---------+---------+
       Total:                       494    620       2      
                                                            
    C:/ti/tivaware_c_series_2_1_4_178/driverlib/ccs/Debug/driverlib.lib
       interrupt.obj                52     0         620    
       gpio.obj                     402    0         0      
       sysctl.obj                   358    0         0      
       systick.obj                  28     0         0      
    +--+----------------------------+------+---------+---------+
       Total:                       840    0         620    
                                                            
    C:\ti\ccs1210\ccs\tools\compiler\ti-cgt-arm_20.2.7.LTS\lib\rtsv7M4_T_le_v4SPD16_eabi.lib
       memcpy_t2.asm.obj            156    0         0      
       copy_decompress_lzss.c.obj   104    0         0      
       autoinit.c.obj               68     0         0      
       boot_cortex_m.c.obj          52     0         0      
       copy_zero_init.c.obj         28     0         0      
       copy_decompress_none.c.obj   14     0         0      
       exit.c.obj                   4      0         0      
       pre_init.c.obj               4      0         0      
    +--+----------------------------+------+---------+---------+
       Total:                       430    0         0      
                                                            
       Stack:                       0      0         512    
       Linker Generated:            0      42        0      
    +--+----------------------------+------+---------+---------+
       Grand Total:                 1764   662       1134   


LINKER GENERATED COPY TABLES

__TI_cinit_table @ 00000970 records: 2, size/record: 8, table size: 16
	.vtable: load addr=00000960, load size=00000008 bytes, run addr=20000000, run size=0000026c bytes, compression=zero_init
	.data: load addr=00000968, load size=00000006 bytes, run addr=2000026c, run size=00000002 bytes, compression=lzss


LINKER GENERATED HANDLER TABLE

__TI_handler_table @ 00000950 records: 3, size/record: 4, table size: 12
	index: 0, handler: __TI_zero_init
	index: 1, handler: __TI_decompress_lzss
	index: 2, handler: __TI_decompress_none


GLOBAL SYMBOLS: SORTED ALPHABETICALLY BY Name 

address   name                          
-------   ----                          
0000094d  C$$EXIT                       
00000895  GPIODirModeSet                
0000026d  GPIOPadConfigSet              
00000931  GPIOPinRead                   
00000911  GPIOPinTypeGPIOInput          
000008f9  GPIOPinTypeGPIOOutput         
00000937  GPIOPinWrite                  
000007f9  IntRegister                   
0000093d  ResetISR                      
000003a1  SysCtlClockSet                
00000943  SysCtlDelay                   
0000082d  SysCtlPeripheralEnable        
000007c1  SysCtlPeripheralReady         
000008c1  SysTickIntRegister            
000006d5  SysTick_Handler               
20000470  __STACK_END                   
00000200  __STACK_SIZE                  
20000470  __STACK_TOP                   
00000970  __TI_CINIT_Base               
00000980  __TI_CINIT_Limit              
00000950  __TI_Handler_Table_Base       
0000095c  __TI_Handler_Table_Limit      
0000077d  __TI_auto_init_nobinit_nopinit
0000066b  __TI_decompress_lzss          
00000923  __TI_decompress_none          
ffffffff  __TI_pprof_out_hndl           
ffffffff  __TI_prof_data_size           
ffffffff  __TI_prof_data_start          
00000000  __TI_static_base__            
000008dd  __TI_zero_init_nomemset       
0000054d  __aeabi_memcpy                
0000054d  __aeabi_memcpy4               
0000054d  __aeabi_memcpy8               
ffffffff  __binit__                     
ffffffff  __c_args__                    
UNDEFED   __mpu_init                    
20000270  __stack                       
20000000  __start___llvm_prf_cnts       
20000000  __stop___llvm_prf_cnts        
00000861  _c_int00_noargs               
UNDEFED   _system_post_cinit            
00000949  _system_pre_init              
0000094d  abort                         
ffffffff  binit                         
2000026d  buttonPressed                 
20000000  g_pfnRAMVectors               
00000000  g_pfnVectors                  
00000495  main                          
0000054d  memcpy                        
000005e9  nextState                     
2000026c  state                         
00000735  stateToLED                    


GLOBAL SYMBOLS: SORTED BY Symbol Address 

address   name                          
-------   ----                          
00000000  __TI_static_base__            
00000000  g_pfnVectors                  
00000200  __STACK_SIZE                  
0000026d  GPIOPadConfigSet              
000003a1  SysCtlClockSet                
00000495  main                          
0000054d  __aeabi_memcpy                
0000054d  __aeabi_memcpy4               
0000054d  __aeabi_memcpy8               
0000054d  memcpy                        
000005e9  nextState                     
0000066b  __TI_decompress_lzss          
000006d5  SysTick_Handler               
00000735  stateToLED                    
0000077d  __TI_auto_init_nobinit_nopinit
000007c1  SysCtlPeripheralReady         
000007f9  IntRegister                   
0000082d  SysCtlPeripheralEnable        
00000861  _c_int00_noargs               
00000895  GPIODirModeSet                
000008c1  SysTickIntRegister            
000008dd  __TI_zero_init_nomemset       
000008f9  GPIOPinTypeGPIOOutput         
00000911  GPIOPinTypeGPIOInput          
00000923  __TI_decompress_none          
00000931  GPIOPinRead                   
00000937  GPIOPinWrite                  
0000093d  ResetISR                      
00000943  SysCtlDelay                   
00000949  _system_pre_init              
0000094d  C$$EXIT                       
0000094d  abort                         
00000950  __TI_Handler_Table_Base       
0000095c  __TI_Handler_Table_Limit      
00000970  __TI_CINIT_Base               
00000980  __TI_CINIT_Limit              
20000000  __start___llvm_prf_cnts       
20000000  __stop___llvm_prf_cnts        
20000000  g_pfnRAMVectors               
2000026c  state                         
2000026d  buttonPressed                 
20000270  __stack                       
20000470  __STACK_END                   
20000470  __STACK_TOP                   
ffffffff  __TI_pprof_out_hndl           
ffffffff  __TI_prof_data_size           
ffffffff  __TI_prof_data_start          
ffffffff  __binit__                     
ffffffff  __c_args__                    
ffffffff  binit                         
UNDEFED   __mpu_init                    
UNDEFED   _system_post_cinit            

[52 symbols]
