******************************************************************************
                  TI ARM Linker PC v20.2.7                     
******************************************************************************
>> Linked Sat May  6 20:58:40 2023

OUTPUT FILE NAME:   <blinky_uart5.out>
ENTRY POINT SYMBOL: "_c_int00_noinit_noargs"  address: 000006a5


MEMORY CONFIGURATION

         name            origin    length      used     unused   attr    fill
----------------------  --------  ---------  --------  --------  ----  --------
  FLASH                 00000000   00040000  0000095c  0003f6a4  R  X
  SRAM                  20000000   00008000  00000200  00007e00  RW X


SEGMENT ALLOCATION MAP

run origin  load origin   length   init length attrs members
----------  ----------- ---------- ----------- ----- -------
00000000    00000000    0000095c   0000095c    r-x
  00000000    00000000    00000260   00000260    r-- .intvecs
  00000260    00000260    00000590   00000590    r-x .text
  000007f0    000007f0    0000016c   0000016c    r-- .const
20000000    20000000    00000200   00000000    rw-
  20000000    20000000    00000200   00000000    rw- .stack


SECTION ALLOCATION MAP

 output                                  attributes/
section   page    origin      length       input sections
--------  ----  ----------  ----------   ----------------
.intvecs   0    00000000    00000260     
                  00000000    00000260     tm4c123gh6pm_startup_ccs.obj (.intvecs)

.text      0    00000260    00000590     
                  00000260    00000132     driverlib.lib : gpio.obj (.text:GPIOPadConfigSet)
                  00000392    00000002     tm4c123gh6pm_startup_ccs.obj (.text:FaultISR)
                  00000394    00000110     driverlib.lib : sysctl.obj (.text:SysCtlClockGet)
                  000004a4    000000a0     blinky.obj (.text:main)
                  00000544    00000068     driverlib.lib : interrupt.obj (.text:IntEnable)
                  000005ac    00000048                   : gpio.obj (.text:GPIOPinConfigure)
                  000005f4    00000046                   : uart.obj (.text:UARTConfigSetExpClk)
                  0000063a    00000002     tm4c123gh6pm_startup_ccs.obj (.text:IntDefaultHandler)
                  0000063c    00000034     driverlib.lib : sysctl.obj (.text:SysCtlPeripheralEnable)
                  00000670    00000034     blinky.obj (.text:uart5_handler)
                  000006a4    0000002c     rtsv7M4_T_le_v4SPD16_eabi.lib : boot_cortex_m.c.obj (.text:_c_int00_noinit_noargs:_c_int00_noinit_noargs)
                  000006d0    0000002a     driverlib.lib : gpio.obj (.text:GPIODirModeSet)
                  000006fa    00000002     tm4c123gh6pm_startup_ccs.obj (.text:NmiSR)
                  000006fc    00000020     driverlib.lib : uart.obj (.text:UARTDisable)
                  0000071c    0000001c     blinky.obj (.text:puts)
                  00000738    00000014     driverlib.lib : uart.obj (.text:UARTEnable)
                  0000074c    00000012                   : gpio.obj (.text:GPIOPinTypeUART)
                  0000075e    00000002     --HOLE-- [fill = 0]
                  00000760    00000010                   : fpu.obj (.text:FPUEnable)
                  00000770    00000010                   : fpu.obj (.text:FPULazyStackingEnable)
                  00000780    00000010                   : interrupt.obj (.text:IntMasterEnable)
                  00000790    0000000e                   : uart.obj (.text:UARTCharPutNonBlocking)
                  0000079e    0000000e                   : uart.obj (.text:UARTCharsAvail)
                  000007ac    0000000c                   : cpu.obj (.text:CPUcpsie)
                  000007b8    0000000a                   : uart.obj (.text:UARTCharGet)
                  000007c2    0000000a                   : uart.obj (.text:UARTCharPut)
                  000007cc    0000000a                   : uart.obj (.text:UARTIntStatus)
                  000007d6    00000008                   : uart.obj (.text:UARTIntEnable)
                  000007de    00000006     tm4c123gh6pm_startup_ccs.obj (.text:ResetISR)
                  000007e4    00000004     driverlib.lib : uart.obj (.text:UARTIntClear)
                  000007e8    00000004     rtsv7M4_T_le_v4SPD16_eabi.lib : pre_init.c.obj (.text:_system_pre_init)
                  000007ec    00000004                                   : exit.c.obj (.text:abort:abort)

.const     0    000007f0    0000016c     
                  000007f0    00000090     driverlib.lib : gpio.obj (.const:g_pui32GPIOBaseAddrs)
                  00000880    00000070                   : interrupt.obj (.const)
                  000008f0    0000006c                   : sysctl.obj (.const:g_pui32Xtals)

.cinit     0    00000000    00000000     UNINITIALIZED

.init_array 
*          0    00000000    00000000     UNINITIALIZED

.stack     0    20000000    00000200     UNINITIALIZED
                  20000000    00000004     rtsv7M4_T_le_v4SPD16_eabi.lib : boot_cortex_m.c.obj (.stack)
                  20000004    000001fc     --HOLE--

__llvm_prf_cnts 
*          0    20000000    00000000     UNINITIALIZED

MODULE SUMMARY

       Module                         code   ro data   rw data
       ------                         ----   -------   -------
    .\
       tm4c123gh6pm_startup_ccs.obj   12     608       0      
       blinky.obj                     240    0         0      
    +--+------------------------------+------+---------+---------+
       Total:                         252    608       0      
                                                              
    C:/ti/tivaware_c_series_2_1_4_178/driverlib/ccs/Debug/driverlib.lib
       gpio.obj                       438    144       0      
       sysctl.obj                     324    108       0      
       interrupt.obj                  120    112       0      
       uart.obj                       192    0         0      
       fpu.obj                        32     0         0      
       cpu.obj                        12     0         0      
    +--+------------------------------+------+---------+---------+
       Total:                         1118   364       0      
                                                              
    C:\ti\ccs1210\ccs\tools\compiler\ti-cgt-arm_20.2.7.LTS\lib\rtsv7M4_T_le_v4SPD16_eabi.lib
       boot_cortex_m.c.obj            44     0         0      
       exit.c.obj                     4      0         0      
       pre_init.c.obj                 4      0         0      
    +--+------------------------------+------+---------+---------+
       Total:                         52     0         0      
                                                              
       Stack:                         0      0         512    
    +--+------------------------------+------+---------+---------+
       Grand Total:                   1422   972       512    


GLOBAL SYMBOLS: SORTED ALPHABETICALLY BY Name 

address   name                   
-------   ----                   
000007ed  C$$EXIT                
000007ad  CPUcpsie               
00000761  FPUEnable              
00000771  FPULazyStackingEnable  
000006d1  GPIODirModeSet         
00000261  GPIOPadConfigSet       
000005ad  GPIOPinConfigure       
0000074d  GPIOPinTypeUART        
00000545  IntEnable              
00000781  IntMasterEnable        
000007df  ResetISR               
00000395  SysCtlClockGet         
0000063d  SysCtlPeripheralEnable 
000007b9  UARTCharGet            
000007c3  UARTCharPut            
00000791  UARTCharPutNonBlocking 
0000079f  UARTCharsAvail         
000005f5  UARTConfigSetExpClk    
000006fd  UARTDisable            
00000739  UARTEnable             
000007e5  UARTIntClear           
000007d7  UARTIntEnable          
000007cd  UARTIntStatus          
20000200  __STACK_END            
00000200  __STACK_SIZE           
20000200  __STACK_TOP            
ffffffff  __TI_pprof_out_hndl    
ffffffff  __TI_prof_data_size    
ffffffff  __TI_prof_data_start   
00000000  __TI_static_base__     
ffffffff  __binit__              
ffffffff  __c_args__             
UNDEFED   __mpu_init             
20000000  __stack                
20000000  __start___llvm_prf_cnts
20000000  __stop___llvm_prf_cnts 
000006a5  _c_int00_noinit_noargs 
000007e9  _system_pre_init       
000007ed  abort                  
ffffffff  binit                  
00000000  g_pfnVectors           
000004a5  main                   
0000071d  puts                   
00000671  uart5_handler          


GLOBAL SYMBOLS: SORTED BY Symbol Address 

address   name                   
-------   ----                   
00000000  __TI_static_base__     
00000000  g_pfnVectors           
00000200  __STACK_SIZE           
00000261  GPIOPadConfigSet       
00000395  SysCtlClockGet         
000004a5  main                   
00000545  IntEnable              
000005ad  GPIOPinConfigure       
000005f5  UARTConfigSetExpClk    
0000063d  SysCtlPeripheralEnable 
00000671  uart5_handler          
000006a5  _c_int00_noinit_noargs 
000006d1  GPIODirModeSet         
000006fd  UARTDisable            
0000071d  puts                   
00000739  UARTEnable             
0000074d  GPIOPinTypeUART        
00000761  FPUEnable              
00000771  FPULazyStackingEnable  
00000781  IntMasterEnable        
00000791  UARTCharPutNonBlocking 
0000079f  UARTCharsAvail         
000007ad  CPUcpsie               
000007b9  UARTCharGet            
000007c3  UARTCharPut            
000007cd  UARTIntStatus          
000007d7  UARTIntEnable          
000007df  ResetISR               
000007e5  UARTIntClear           
000007e9  _system_pre_init       
000007ed  C$$EXIT                
000007ed  abort                  
20000000  __stack                
20000000  __start___llvm_prf_cnts
20000000  __stop___llvm_prf_cnts 
20000200  __STACK_END            
20000200  __STACK_TOP            
ffffffff  __TI_pprof_out_hndl    
ffffffff  __TI_prof_data_size    
ffffffff  __TI_prof_data_start   
ffffffff  __binit__              
ffffffff  __c_args__             
ffffffff  binit                  
UNDEFED   __mpu_init             

[44 symbols]
